[Error  :   BepInEx] Unable to start Unity log writer
[Message:   BepInEx] BepInEx 5.4.23.4 - Gorilla Tag (04.01.2026 21:47:18)
[Info   :   BepInEx] Running under Unity v6000.2.9.14730471
[Info   :   BepInEx] CLR runtime version: 4.0.30319.42000
[Info   :   BepInEx] Supports SRE: True
[Info   :   BepInEx] System platform: Bits64, Windows
[Message:   BepInEx] Preloader started
[Info   :   BepInEx] Loaded 1 patcher method from [BepInEx.Preloader 5.4.23.4]
[Info   :   BepInEx] 1 patcher plugin loaded
[Info   :   BepInEx] Patching [UnityEngine.CoreModule] with [BepInEx.Chainloader]
[Message:   BepInEx] Preloader finished
[Message:   BepInEx] Chainloader ready
[Message:   BepInEx] Chainloader started
[Info   :   BepInEx] 4 plugins to load
[Info   :   BepInEx] Loading [ForeverCosmetx 1.0.0]
[Info   :   BepInEx] Loading [WalkSimulator 2.0.4]
[Info   :   BepInEx] Loading [Grate 1.8.6]
[Warning:  HarmonyX] AccessTools.DeclaredMethod: Could not find method for type VRRig and name LateUpdate and parameters 
[Info   :   BepInEx] Loading [Utilla 1.6.14]
[Message:   BepInEx] Chainloader startup complete
